[backblue.gif]
[fade.gif]
[index.html]
[www.cs.cmu.edu/afs/cs/project/garnet/www/pictures/garnet-logo.gif]
[www.cs.cmu.edu/afs/cs/project/garnet/www/allgarnetmessages.tar]
[www.cs.cmu.edu/afs/cs/project/garnet/www/Garnet-Manual-Doc.zip]
[www.cs.cmu.edu/afs/cs/project/garnet/www/index.html]
[www.cs.cmu.edu/afs/cs/project/garnet/www/pictures/garnet-logo-small.gif]
[www.cs.cmu.edu/afs/cs/project/garnet/www/letter-no-support.html]
[www.cs.cmu.edu/afs/cs/project/garnet/www/intrinsics.html]
[www.cs.cmu.edu/afs/cs/project/garnet/www/pictures/demo-motif.gif]
[www.cs.cmu.edu/afs/cs/project/garnet/www/motif.html]
[www.cs.cmu.edu/afs/cs/project/garnet/www/tools.html]
[www.cs.cmu.edu/afs/cs/project/garnet/www/oct94slides.ps]
[www.cs.cmu.edu/afs/cs/project/garnet/www/papers.html]
[www.cs.cmu.edu/afs/cs/project/garnet/www/screen-shots/screen-shots.html]
[www.cs.cmu.edu/afs/cs/project/garnet/www/pictures/garnet-group.gif]
[www.cs.cmu.edu/afs/cs/project/garnet/www/garnet-group.html]
[www.cs.cmu.edu/afs/cs/project/garnet/www/garnet-home.html]
[www.cs.cmu.edu/afs/cs/project/garnet/www/screen-shots/bergerdose.gif]
[www.cs.cmu.edu/afs/cs/project/garnet/www/screen-shots/bergerdose.html]
[www.cs.cmu.edu/afs/cs/project/garnet/www/screen-shots/drakosclaregraph.gif]
[www.cs.cmu.edu/afs/cs/project/garnet/www/screen-shots/drakos.html]
[www.cs.cmu.edu/afs/cs/project/garnet/www/screen-shots/drakosnewclare.gif]
[www.cs.cmu.edu/afs/cs/project/garnet/www/screen-shots/ge.gif]
[www.cs.cmu.edu/afs/cs/project/garnet/www/screen-shots/ge.html]
[www.cs.cmu.edu/afs/cs/project/garnet/www/screen-shots/lang1.gif]
[www.cs.cmu.edu/afs/cs/project/garnet/www/screen-shots/lang2.gif]
[www.cs.cmu.edu/afs/cs/project/garnet/www/screen-shots/lang.html]
[www.cs.cmu.edu/afs/cs/project/garnet/www/screen-shots/lang3.gif]
[www.cs.cmu.edu/afs/cs/project/garnet/www/screen-shots/lyleSurfHippo.gif]
[www.cs.cmu.edu/afs/cs/project/garnet/www/screen-shots/lyleSurfHippo.html]
[www.cs.cmu.edu/afs/cs/project/garnet/www/screen-shots/rjwilliams1.gif]
[www.cs.cmu.edu/afs/cs/project/garnet/www/screen-shots/rjwilliams.html]
[www.cs.cmu.edu/afs/cs/project/garnet/www/screen-shots/sage1.gif]
[www.cs.cmu.edu/afs/cs/project/garnet/www/screen-shots/sage2.gif]
[www.cs.cmu.edu/afs/cs/project/garnet/www/screen-shots/sage.html]
[www.cs.cmu.edu/afs/cs/project/garnet/www/screen-shots/sageNapolean.gif]
[www.cs.cmu.edu/afs/cs/project/garnet/www/screen-shots/salisburgenc1.gif]
[www.cs.cmu.edu/afs/cs/project/garnet/www/screen-shots/salisburgenc.html]
[www.cs.cmu.edu/afs/cs/project/garnet/www/screen-shots/soar.gif]
[www.cs.cmu.edu/afs/cs/project/garnet/www/screen-shots/soar.html]
[www.cs.cmu.edu/afs/cs/project/garnet/www/screen-shots/spackmancosma.gif]
[www.cs.cmu.edu/afs/cs/project/garnet/www/screen-shots/spackmancosma.html]
[www.cs.cmu.edu/afs/cs/project/garnet/www/screen-shots/tattersall.cust-sup.gif]
[www.cs.cmu.edu/afs/cs/project/garnet/www/screen-shots/tattersall.html]
[www.cs.cmu.edu/afs/cs/project/garnet/www/screen-shots/kuttyvislang.gif]
[www.cs.cmu.edu/afs/cs/project/garnet/www/screen-shots/kuttyvislang.html]
[www.cs.cmu.edu/afs/cs/project/garnet/www/screen-shots/eschbach.platin.gif]
[www.cs.cmu.edu/afs/cs/project/garnet/www/screen-shots/eschbach.platin.html]
[www.cs.cmu.edu/afs/cs/project/garnet/www/screen-shots/nasaDedal3.gif]
[www.cs.cmu.edu/afs/cs/project/garnet/www/screen-shots/nasaDedal.html]
[www.cs.cmu.edu/afs/cs/project/garnet/www/screen-shots/pecsek2.gif]
[www.cs.cmu.edu/afs/cs/project/garnet/www/screen-shots/pecsek.html]
[www.cs.cmu.edu/afs/cs/project/garnet/www/screen-shots/eg1-c.gif]
[www.cs.cmu.edu/afs/cs/project/garnet/www/screen-shots/fmmpursuit.html]
[www.cs.cmu.edu/afs/cs/project/garnet/www/screen-shots/eg2-b.gif]
